{
 "matches": [
  {
   "vulnerability": {
    "id": "CVE-1999-0001",
    "description": "1999-01 description",
    "cvssV3": {
     "baseScore": 4,
     "vector": "another vector"
    },
    "fixedInVersion": "the-next-version"
   },
   "matchDetails": {
    "matcher": "dpkg-matcher",
    "searchKey": {
     "distro": {
      "type": "ubuntu",
      "version": "20.04"
     }
    },
    "matchedOn": {
     "constraint": ">= 20"
    }
   },
   "artifact": {
    "name": "package-1",
    "version": "1.0.1",
    "type": "deb",
    "foundBy": [
     "the-cataloger-1"
    ],
    "locations": [
     "/some/path/pkg1"
    ]
   }
  },
  {
   "vulnerability": {
    "id": "CVE-1999-0002",
    "description": "1999-02 description",
    "cvssV2": {
     "baseScore": 1,
     "exploitabilityScore": 2,
     "impactScore": 3,
     "vector": "vector"
    }
   },
   "matchDetails": {
    "matcher": "dpkg-matcher",
    "searchKey": {
     "cpe": "somecpe"
    },
    "matchedOn": {
     "constraint": "somecpe"
    }
   },
   "artifact": {
    "name": "package-1",
    "version": "1.0.1",
    "type": "deb",
    "foundBy": [
     "the-cataloger-1"
    ],
    "locations": [
     "/some/path/pkg1"
    ]
   }
  },
  {
   "vulnerability": {
    "id": "CVE-1999-0003",
    "description": "1999-03 description",
    "fixedInVersion": "the-other-next-version"
   },
   "matchDetails": {
    "matcher": "dpkg-matcher",
    "searchKey": {
     "language": "java"
    },
    "matchedOn": {
     "constraint": "< 2.0.0"
    }
   },
   "artifact": {
    "name": "package-1",
    "version": "1.0.1",
    "type": "deb",
    "foundBy": [
     "the-cataloger-1"
    ],
    "locations": [
     "/some/path/pkg1"
    ]
   }
  }
 ],
 "directory": "/some/path"
}
