Identified distro as centos version 8.0.
    Vulnerability: CVE-1999-0001
    Severity: Low
    Package: package-1 version 1.1.1 (rpm)
    CPEs: ["cpe:2.3:a:anchore:engine:0.9.2:*:*:python:*:*:*:*"]
    Matched by: dpkg-matcher
    Vulnerability: CVE-1999-0002
    Severity: Critical
    Package: package-2 version 2.2.2 (deb)
    CPEs: ["cpe:2.3:a:anchore:engine:2.2.2:*:*:python:*:*:*:*"]
    Matched by: dpkg-matcher

