ID     NAMESPACE  REASON  
CVE-1  nvd        added    
CVE-2  nvd        removed  
CVE-3  nvd        changed  
