{
 "matches": [
  {
   "vulnerability": {
    "id": "CVE-1999-0001",
    "dataSource": "",
    "severity": "Low",
    "urls": [],
    "description": "1999-01 description",
    "cvss": [
     {
      "version": "3.0",
      "vector": "another vector",
      "metrics": {
       "baseScore": 4
      },
      "vendorMetadata": {}
     }
    ],
    "fix": {
     "versions": [
      "the-next-version"
     ],
     "state": "fixed"
    },
    "advisories": []
   },
   "relatedVulnerabilities": [],
   "matchDetails": [
    {
     "type": "exact-direct-match",
     "matcher": "dpkg-matcher",
     "searchedBy": {
      "distro": {
       "type": "ubuntu",
       "version": "20.04"
      }
     },
     "found": {
      "constraint": ">= 20"
     }
    }
   ],
   "artifact": {
    "id": "96699b00fe3004b4",
    "name": "package-1",
    "version": "1.1.1",
    "type": "rpm",
    "locations": [
     {
      "path": "/foo/bar/somefile-1.txt"
     }
    ],
    "language": "",
    "licenses": [],
    "cpes": [
     "cpe:2.3:a:anchore:engine:0.9.2:*:*:python:*:*:*:*"
    ],
    "purl": "",
    "upstreams": [
     {
      "name": "nothing",
      "version": "3.2"
     }
    ],
    "metadataType": "RpmMetadata",
    "metadata": {
     "epoch": 2,
     "modularityLabel": ""
    }
   }
  },
  {
   "vulnerability": {
    "id": "CVE-1999-0002",
    "dataSource": "",
    "severity": "Critical",
    "urls": [],
    "description": "1999-02 description",
    "cvss": [
     {
      "version": "2.0",
      "vector": "vector",
      "metrics": {
       "baseScore": 1,
       "exploitabilityScore": 2,
       "impactScore": 3
      },
      "vendorMetadata": {
       "BaseSeverity": "Low",
       "Status": "verified"
      }
     }
    ],
    "fix": {
     "versions": [],
     "state": ""
    },
    "advisories": []
   },
   "relatedVulnerabilities": [],
   "matchDetails": [
    {
     "type": "exact-indirect-match",
     "matcher": "dpkg-matcher",
     "searchedBy": {
      "cpe": "somecpe"
     },
     "found": {
      "constraint": "somecpe"
     }
    }
   ],
   "artifact": {
    "id": "b4013a965511376c",
    "name": "package-2",
    "version": "2.2.2",
    "type": "deb",
    "locations": [
     {
      "path": "/foo/bar/somefile-2.txt"
     }
    ],
    "language": "",
    "licenses": [
     "MIT",
     "Apache-2.0"
    ],
    "cpes": [
     "cpe:2.3:a:anchore:engine:2.2.2:*:*:python:*:*:*:*"
    ],
    "purl": "",
    "upstreams": []
   }
  }
 ],
 "source": {
  "type": "image",
  "target": {
   "userInput": "user-input",
   "imageID": "sha256:ab5608d634db2716a297adbfa6a5dd5d8f8f5a7d0cab73649ea7fbb8c8da544f",
   "manifestDigest": "sha256:ca738abb87a8d58f112d3400ebb079b61ceae7dc290beb34bda735be4b1941d5",
   "mediaType": "application/vnd.docker.distribution.manifest.v2+json",
   "tags": [],
   "imageSize": 65,
   "layers": [
    {
     "mediaType": "application/vnd.docker.image.rootfs.diff.tar.gzip",
     "digest": "sha256:ca738abb87a8d58f112d3400ebb079b61ceae7dc290beb34bda735be4b1941d5",
     "size": 22
    },
    {
     "mediaType": "application/vnd.docker.image.rootfs.diff.tar.gzip",
     "digest": "sha256:a05cd9ebf88af96450f1e25367281ab232ac0645f314124fe01af759b93f3006",
     "size": 16
    },
    {
     "mediaType": "application/vnd.docker.image.rootfs.diff.tar.gzip",
     "digest": "sha256:ab5608d634db2716a297adbfa6a5dd5d8f8f5a7d0cab73649ea7fbb8c8da544f",
     "size": 27
    }
   ],
   "manifest": null,
   "config": null,
   "repoDigests": [],
   "architecture": "",
   "os": ""
  }
 },
 "distro": {
  "name": "centos",
  "version": "8.0",
  "idLike": [
   "centos"
  ]
 },
 "descriptor": {
  "name": "griffon",
  "version": "[not provided]",
  "timestamp":""
 }
}
