<?xml version="1.0" encoding="UTF-8"?>
<bom xmlns="http://cyclonedx.org/schema/bom/1.2" xmlns:bd="http://cyclonedx.org/schema/ext/bom-descriptor/1.0" xmlns:v="http://cyclonedx.org/schema/ext/vulnerability/1.0" version="1" serialNumber="urn:uuid:7f9d9544-4a3c-4816-9974-2fc76549bd83">
  <components>
    <component type="library">
      <name>package-1</name>
      <version>1.0.1</version>
      <v:vulnerabilities>
        <v:vulnerability ref="urn:uuid:74e83b32-6e0e-4ec0-b480-364ffab1d686">
          <v:id>CVE-1999-0001</v:id>
          <v:source name="source-1">
            <v:url>http://cve.mitre.org/cgi-bin/cvename.cgi?name=CVE-1999-0001</v:url>
          </v:source>
          <v:ratings>
            <v:rating>
              <v:score>
                <v:base>4</v:base>
                <v:impact>0</v:impact>
                <v:exploitability>0</v:exploitability>
              </v:score>
              <v:severity>Low</v:severity>
              <v:method>CVSSv3</v:method>
              <v:vector>another vector</v:vector>
            </v:rating>
          </v:ratings>
          <v:description>1999-01 description</v:description>
          <v:advisories></v:advisories>
        </v:vulnerability>
        <v:vulnerability ref="urn:uuid:aa67380f-ac2e-4463-83ef-9daeb868e150">
          <v:id>CVE-1999-0002</v:id>
          <v:source name="source-2">
            <v:url>http://cve.mitre.org/cgi-bin/cvename.cgi?name=CVE-1999-0002</v:url>
          </v:source>
          <v:ratings>
            <v:rating>
              <v:score>
                <v:base>1</v:base>
                <v:impact>3</v:impact>
                <v:exploitability>2</v:exploitability>
              </v:score>
              <v:severity>Critical</v:severity>
              <v:method>CVSSv2</v:method>
              <v:vector>vector</v:vector>
            </v:rating>
          </v:ratings>
          <v:description>1999-02 description</v:description>
          <v:advisories></v:advisories>
        </v:vulnerability>
      </v:vulnerabilities>
    </component>
    <component type="library">
      <name>package-2</name>
      <version>2.0.1</version>
      <licenses>
        <license>
          <name>MIT</name>
        </license>
        <license>
          <name>Apache-v2</name>
        </license>
      </licenses>
    </component>
  </components>
  <bd:metadata>
    <bd:timestamp>2020-09-24T08:43:43-04:00</bd:timestamp>
    <bd:tool>
      <bd:vendor>anchore</bd:vendor>
      <bd:name>grype</bd:name>
      <bd:version>[not provided]</bd:version>
    </bd:tool>
    <bd:component type="file">
      <name>/some/path</name>
      <version></version>
    </bd:component>
  </bd:metadata>
</bom><?xml version="1.0" encoding="UTF-8"?>
<bom xmlns="http://cyclonedx.org/schema/bom/1.2" xmlns:bd="http://cyclonedx.org/schema/ext/bom-descriptor/1.0" xmlns:v="http://cyclonedx.org/schema/ext/vulnerability/1.0" version="1" serialNumber="urn:uuid:29dfd0be-5bc5-4e5a-ba25-07ba4708dd29">
  <components>
    <component type="library">
      <name>package-1</name>
      <version>1.0.1</version>
      <v:vulnerabilities>
        <v:vulnerability ref="urn:uuid:11f3afe7-3438-41db-9955-aa1f2616e2ca">
          <v:id>CVE-1999-0001</v:id>
          <v:source name="source-1">
            <v:url>http://cve.mitre.org/cgi-bin/cvename.cgi?name=CVE-1999-0001</v:url>
          </v:source>
          <v:ratings>
            <v:rating>
              <v:score>
                <v:base>4</v:base>
                <v:impact>0</v:impact>
                <v:exploitability>0</v:exploitability>
              </v:score>
              <v:severity>Low</v:severity>
              <v:method>CVSSv3</v:method>
              <v:vector>another vector</v:vector>
            </v:rating>
          </v:ratings>
          <v:description>1999-01 description</v:description>
          <v:advisories></v:advisories>
        </v:vulnerability>
        <v:vulnerability ref="urn:uuid:424ae84d-2456-4597-bb26-e72152ece9a1">
          <v:id>CVE-1999-0002</v:id>
          <v:source name="source-2">
            <v:url>http://cve.mitre.org/cgi-bin/cvename.cgi?name=CVE-1999-0002</v:url>
          </v:source>
          <v:ratings>
            <v:rating>
              <v:score>
                <v:base>1</v:base>
                <v:impact>3</v:impact>
                <v:exploitability>2</v:exploitability>
              </v:score>
              <v:severity>Critical</v:severity>
              <v:method>CVSSv2</v:method>
              <v:vector>vector</v:vector>
            </v:rating>
          </v:ratings>
          <v:description>1999-02 description</v:description>
          <v:advisories></v:advisories>
        </v:vulnerability>
      </v:vulnerabilities>
    </component>
    <component type="library">
      <name>package-2</name>
      <version>2.0.1</version>
      <licenses>
        <license>
          <name>MIT</name>
        </license>
        <license>
          <name>Apache-v2</name>
        </license>
      </licenses>
    </component>
  </components>
  <bd:metadata>
    <bd:timestamp>2020-09-24T08:43:43-04:00</bd:timestamp>
    <bd:tool>
      <bd:vendor>anchore</bd:vendor>
      <bd:name>grype</bd:name>
      <bd:version>[not provided]</bd:version>
    </bd:tool>
    <bd:component type="container">
      <name>index.docker.io/library/stereoscope-fixture-image-simple</name>
      <version>04e16e44161c8888a1a963720fd0443cbf7eef8101434c431de8725cd98cc9f7</version>
    </bd:component>
  </bd:metadata>
</bom>