{
  "version": "2.1.0",
  "$schema": "https://json.schemastore.org/sarif-2.1.0-rtm.5.json",
  "runs": [
    {
      "tool": {
        "driver": {
          "name": "Anchore Grype Scan",
          "version": "[not provided]",
          "informationUri": "https://github.com/anchore/grype",
          "rules": [
            {
              "id": "CVE-1999-0001",
              "name": "DpkgMatcherExactDirectMatch",
              "shortDescription": {
                "text": "CVE-1999-0001 low vulnerability for package-1 package"
              },
              "fullDescription": {
                "text": "1999-01 description"
              },
              "helpUri": "https://github.com/anchore/grype",
              "help": {
                "text": "Vulnerability CVE-1999-0001\nSeverity: low\nPackage: package-1\nVersion: 1.0.1\nFix Version: \nType: deb\nLocation: /some/path/\nData Namespace: unknown\nLink: CVE-1999-0001",
                "markdown": "**Vulnerability CVE-1999-0001**\n| Severity | Package | Version | Fix Version | Type | Location | Data Namespace | Link |\n| --- | --- | --- | --- | --- | --- | --- | --- |\n|low|package-1|1.0.1||deb|/some/path/|unknown|CVE-1999-0001|\n"
              },
              "properties": {
                "security-severity": "low"
              }
            },
            {
              "id": "CVE-1999-0002",
              "name": "DpkgMatcherExactIndirectMatch",
              "shortDescription": {
                "text": "CVE-1999-0002 critical vulnerability for package-2 package"
              },
              "fullDescription": {
                "text": "1999-02 description"
              },
              "helpUri": "https://github.com/anchore/grype",
              "help": {
                "text": "Vulnerability CVE-1999-0002\nSeverity: critical\nPackage: package-2\nVersion: 2.0.1\nFix Version: \nType: deb\nLocation: /some/path/\nData Namespace: unknown\nLink: CVE-1999-0002",
                "markdown": "**Vulnerability CVE-1999-0002**\n| Severity | Package | Version | Fix Version | Type | Location | Data Namespace | Link |\n| --- | --- | --- | --- | --- | --- | --- | --- |\n|critical|package-2|2.0.1||deb|/some/path/|unknown|CVE-1999-0002|\n"
              },
              "properties": {
                "security-severity": "critical"
              }
            }
          ]
        }
      },
      "results": [
        {
          "ruleId": "CVE-1999-0001",
          "level": "warning",
          "message": {
            "text": "The path /some/path/ reports package-1 at version 1.0.1  which would result in a vulnerable (deb) package installed",
            "id": "default"
          },
          "locations": [
            {
              "physicalLocation": {
                "artifactLocation": {
                  "uri": "/some/path/"
                },
                "region": {
                  "startLine": 1,
                  "startColumn": 1,
                  "endLine": 1,
                  "endColumn": 1,
                  "byteOffset": 1,
                  "byteLength": 1
                }
              },
              "logicalLocations": [
                {
                  "fullyQualifiedName": "dockerfile"
                }
              ]
            }
          ]
        },
        {
          "ruleId": "CVE-1999-0002",
          "level": "error",
          "message": {
            "text": "The path /some/path/ reports package-2 at version 2.0.1  which would result in a vulnerable (deb) package installed",
            "id": "default"
          },
          "locations": [
            {
              "physicalLocation": {
                "artifactLocation": {
                  "uri": "/some/path/"
                },
                "region": {
                  "startLine": 1,
                  "startColumn": 1,
                  "endLine": 1,
                  "endColumn": 1,
                  "byteOffset": 1,
                  "byteLength": 1
                }
              },
              "logicalLocations": [
                {
                  "fullyQualifiedName": "dockerfile"
                }
              ]
            }
          ]
        }
      ]
    }
  ]
}