NAME       INSTALLED  FIXED-IN          TYPE  VULNERABILITY  SEVERITY 
package-1  1.1.1      the-next-version  rpm   CVE-1999-0001  Low       
package-2  2.2.2                        deb   CVE-1999-0002  Critical  
